%!Adobe-FontList 1.11
%Locale:0xc07

%BeginFont
Handler:DirectoryHandler
FontType:TrueType
FontName:Rockit
FamilyName:Rock it
StyleName:Regular
FullName:Rock it
MenuName:Rock it
StyleBits:0
WritingScript:Roman
OutlineFileName:C:\Dokumente und Einstellungen\l.sierek\Desktop\urban_takeover\trunk\resources\Font\Rockit.ttf
DataFormat:sfntData
FileLength:57472
FileModTime:1205753600
WeightClass:400
WidthClass:5
AngleClass:0
%EndFont

%BeginFont
Handler:DirectoryHandler
FontType:Invalid
OutlineFileName:C:\Dokumente und Einstellungen\l.sierek\Desktop\urban_takeover\trunk\resources\Font\HelveticaNeue\HELVENB2.afm
FileModTime:1098362712
%EndFont

%BeginFont
Handler:DirectoryHandler
FontType:Invalid
OutlineFileName:C:\Dokumente und Einstellungen\l.sierek\Desktop\urban_takeover\trunk\resources\Font\HelveticaNeue\HELVENB2.inf
FileModTime:1098362712
%EndFont

%BeginFont
Handler:DirectoryHandler
FontType:Type1
FontName:HelveticaNeue-BoldItalic
FamilyName:Helvetica Neue
StyleName:76 Bold Italic
FullName:12 pt. Helvetica* 76 Bold Italic   14472
MenuName:HelveticaNeue
StyleBits:3
WritingScript:Roman
OutlineFileName:C:\Dokumente und Einstellungen\l.sierek\Desktop\urban_takeover\trunk\resources\Font\HelveticaNeue\HELVENB2.PFB
DataFormat:Plain
UsesStandardEncoding:no
isCFF:no
FileLength:32991
FileModTime:1098362712
WeightClass:700
WidthClass:5
AngleClass:1
%EndFont

%BeginFont
Handler:DirectoryHandler
FontType:PFM
FontName:HelveticaNeue-BoldItalic
NumMMAxes:0
OutlineFileName:C:\Dokumente und Einstellungen\l.sierek\Desktop\urban_takeover\trunk\resources\Font\HelveticaNeue\HELVENB2.pfm
FileLength:753
FileModTime:1098362712
%EndFont

%BeginFont
Handler:DirectoryHandler
FontType:Invalid
OutlineFileName:C:\Dokumente und Einstellungen\l.sierek\Desktop\urban_takeover\trunk\resources\Font\HelveticaNeue\HELVENBI.afm
FileModTime:1098362712
%EndFont

%BeginFont
Handler:DirectoryHandler
FontType:Invalid
OutlineFileName:C:\Dokumente und Einstellungen\l.sierek\Desktop\urban_takeover\trunk\resources\Font\HelveticaNeue\HELVENBI.inf
FileModTime:1098362712
%EndFont

%BeginFont
Handler:DirectoryHandler
FontType:Type1
FontName:HelveticaNeue-BlackItalic
FamilyName:Helvetica Neue
StyleName:96 Black Italic
FullName:12 pt. Helvetica* 96 Black Italic   16472
MenuName:HelveticaNeue
StyleBits:3
WritingScript:Roman
OutlineFileName:C:\Dokumente und Einstellungen\l.sierek\Desktop\urban_takeover\trunk\resources\Font\HelveticaNeue\HELVENBI.PFB
DataFormat:Plain
UsesStandardEncoding:no
isCFF:no
FileLength:34175
FileModTime:1098362712
WeightClass:900
WidthClass:5
AngleClass:1
%EndFont

%BeginFont
Handler:DirectoryHandler
FontType:PFM
FontName:HelveticaNeue-BlackItalic
NumMMAxes:0
OutlineFileName:C:\Dokumente und Einstellungen\l.sierek\Desktop\urban_takeover\trunk\resources\Font\HelveticaNeue\HELVENBI.pfm
FileLength:754
FileModTime:1098362712
%EndFont

%BeginFont
Handler:DirectoryHandler
FontType:Invalid
OutlineFileName:C:\Dokumente und Einstellungen\l.sierek\Desktop\urban_takeover\trunk\resources\Font\HelveticaNeue\HELVENHI.afm
FileModTime:1098362712
%EndFont

%BeginFont
Handler:DirectoryHandler
FontType:Invalid
OutlineFileName:C:\Dokumente und Einstellungen\l.sierek\Desktop\urban_takeover\trunk\resources\Font\HelveticaNeue\HELVENHI.inf
FileModTime:1098362712
%EndFont

%BeginFont
Handler:DirectoryHandler
FontType:Type1
FontName:HelveticaNeue-HeavyItalic
FamilyName:Helvetica Neue
StyleName:86 Heavy Italic
FullName:12 pt. Helvetica* 86 Heavy Italic   15472
MenuName:HelveticaNeue
StyleBits:3
WritingScript:Roman
OutlineFileName:C:\Dokumente und Einstellungen\l.sierek\Desktop\urban_takeover\trunk\resources\Font\HelveticaNeue\HELVENHI.PFB
DataFormat:Plain
UsesStandardEncoding:no
isCFF:no
FileLength:33695
FileModTime:1098362712
WeightClass:850
WidthClass:5
AngleClass:1
%EndFont

%BeginFont
Handler:DirectoryHandler
FontType:PFM
FontName:HelveticaNeue-HeavyItalic
NumMMAxes:0
OutlineFileName:C:\Dokumente und Einstellungen\l.sierek\Desktop\urban_takeover\trunk\resources\Font\HelveticaNeue\HELVENHI.pfm
FileLength:754
FileModTime:1098362712
%EndFont

%BeginFont
Handler:DirectoryHandler
FontType:Invalid
OutlineFileName:C:\Dokumente und Einstellungen\l.sierek\Desktop\urban_takeover\trunk\resources\Font\HelveticaNeue\HELVENLI.afm
FileModTime:1098362712
%EndFont

%BeginFont
Handler:DirectoryHandler
FontType:Invalid
OutlineFileName:C:\Dokumente und Einstellungen\l.sierek\Desktop\urban_takeover\trunk\resources\Font\HelveticaNeue\HELVENLI.inf
FileModTime:1098362712
%EndFont

%BeginFont
Handler:DirectoryHandler
FontType:Type1
FontName:HelveticaNeue-LightItalic
FamilyName:Helvetica Neue
StyleName:46 Light Italic
FullName:12 pt. Helvetica* 46 Light Italic   11472
MenuName:HelveticaNeue
StyleBits:1
WritingScript:Roman
OutlineFileName:C:\Dokumente und Einstellungen\l.sierek\Desktop\urban_takeover\trunk\resources\Font\HelveticaNeue\HELVENLI.PFB
DataFormat:Plain
UsesStandardEncoding:no
isCFF:no
FileLength:32457
FileModTime:1098362712
WeightClass:300
WidthClass:5
AngleClass:1
%EndFont

%BeginFont
Handler:DirectoryHandler
FontType:PFM
FontName:HelveticaNeue-LightItalic
NumMMAxes:0
OutlineFileName:C:\Dokumente und Einstellungen\l.sierek\Desktop\urban_takeover\trunk\resources\Font\HelveticaNeue\HELVENLI.pfm
FileLength:1114
FileModTime:1098362712
%EndFont

%BeginFont
Handler:DirectoryHandler
FontType:Invalid
OutlineFileName:C:\Dokumente und Einstellungen\l.sierek\Desktop\urban_takeover\trunk\resources\Font\HelveticaNeue\HELVENMI.afm
FileModTime:1098362712
%EndFont

%BeginFont
Handler:DirectoryHandler
FontType:Invalid
OutlineFileName:C:\Dokumente und Einstellungen\l.sierek\Desktop\urban_takeover\trunk\resources\Font\HelveticaNeue\HELVENMI.inf
FileModTime:1098362712
%EndFont

%BeginFont
Handler:DirectoryHandler
FontType:Type1
FontName:HelveticaNeue-MediumItalic
FamilyName:Helvetica Neue
StyleName:66 Medium Italic
FullName:12 pt. Helvetica* 66 Medium Italic   33472
MenuName:HelveticaNeue
StyleBits:1
WritingScript:Roman
OutlineFileName:C:\Dokumente und Einstellungen\l.sierek\Desktop\urban_takeover\trunk\resources\Font\HelveticaNeue\HELVENMI.PFB
DataFormat:Plain
UsesStandardEncoding:no
isCFF:no
FileLength:32703
FileModTime:1098362712
WeightClass:500
WidthClass:5
AngleClass:1
%EndFont

%BeginFont
Handler:DirectoryHandler
FontType:PFM
FontName:HelveticaNeue-MediumItalic
NumMMAxes:0
OutlineFileName:C:\Dokumente und Einstellungen\l.sierek\Desktop\urban_takeover\trunk\resources\Font\HelveticaNeue\HELVENMI.pfm
FileLength:755
FileModTime:1098362712
%EndFont

%BeginFont
Handler:DirectoryHandler
FontType:Invalid
OutlineFileName:C:\Dokumente und Einstellungen\l.sierek\Desktop\urban_takeover\trunk\resources\Font\HelveticaNeue\HELVENTI.afm
FileModTime:1098362712
%EndFont

%BeginFont
Handler:DirectoryHandler
FontType:Invalid
OutlineFileName:C:\Dokumente und Einstellungen\l.sierek\Desktop\urban_takeover\trunk\resources\Font\HelveticaNeue\HELVENTI.inf
FileModTime:1098362712
%EndFont

%BeginFont
Handler:DirectoryHandler
FontType:Type1
FontName:HelveticaNeue-ThinItalic
FamilyName:Helvetica Neue
StyleName:36 Thin Italic
FullName:18 pt. Helvetica* 36 Thin Italic  56472
MenuName:HelveticaNeue
StyleBits:1
WritingScript:Roman
OutlineFileName:C:\Dokumente und Einstellungen\l.sierek\Desktop\urban_takeover\trunk\resources\Font\HelveticaNeue\HELVENTI.PFB
DataFormat:Plain
UsesStandardEncoding:no
isCFF:no
FileLength:33039
FileModTime:1098362712
WeightClass:200
WidthClass:5
AngleClass:1
%EndFont

%BeginFont
Handler:DirectoryHandler
FontType:PFM
FontName:HelveticaNeue-ThinItalic
NumMMAxes:0
OutlineFileName:C:\Dokumente und Einstellungen\l.sierek\Desktop\urban_takeover\trunk\resources\Font\HelveticaNeue\HELVENTI.pfm
FileLength:1133
FileModTime:1098362712
%EndFont

%BeginFont
Handler:DirectoryHandler
FontType:Invalid
OutlineFileName:C:\Dokumente und Einstellungen\l.sierek\Desktop\urban_takeover\trunk\resources\Font\HelveticaNeue\HELVENUL.afm
FileModTime:1098362712
%EndFont

%BeginFont
Handler:DirectoryHandler
FontType:Invalid
OutlineFileName:C:\Dokumente und Einstellungen\l.sierek\Desktop\urban_takeover\trunk\resources\Font\HelveticaNeue\HELVENUL.inf
FileModTime:1098362712
%EndFont

%BeginFont
Handler:DirectoryHandler
FontType:Type1
FontName:HelveticaNeue-UltraLight
FamilyName:Helvetica Neue
StyleName:25 Ultra Light
FullName:18 pt. Helvetica* 25 Ultra Light  79472
MenuName:HelveticaNeue
StyleBits:0
WritingScript:Roman
OutlineFileName:C:\Dokumente und Einstellungen\l.sierek\Desktop\urban_takeover\trunk\resources\Font\HelveticaNeue\HELVENUL.PFB
DataFormat:Plain
UsesStandardEncoding:no
isCFF:no
FileLength:31700
FileModTime:1098362710
WeightClass:100
WidthClass:5
AngleClass:0
%EndFont

%BeginFont
Handler:DirectoryHandler
FontType:PFM
FontName:HelveticaNeue-UltraLight
NumMMAxes:0
OutlineFileName:C:\Dokumente und Einstellungen\l.sierek\Desktop\urban_takeover\trunk\resources\Font\HelveticaNeue\HELVENUL.pfm
FileLength:1093
FileModTime:1098362712
%EndFont

%BeginFont
Handler:DirectoryHandler
FontType:Invalid
OutlineFileName:C:\Dokumente und Einstellungen\l.sierek\Desktop\urban_takeover\trunk\resources\Font\HelveticaNeue\HELVETN1.afm
FileModTime:1098362712
%EndFont

%BeginFont
Handler:DirectoryHandler
FontType:Invalid
OutlineFileName:C:\Dokumente und Einstellungen\l.sierek\Desktop\urban_takeover\trunk\resources\Font\HelveticaNeue\HELVETN1.inf
FileModTime:1098362712
%EndFont

%BeginFont
Handler:DirectoryHandler
FontType:Type1
FontName:HelveticaNeue-Bold
FamilyName:Helvetica Neue
StyleName:75 Bold
FullName:12 pt. Helvetica* 75 Bold   07472
MenuName:HelveticaNeue
StyleBits:2
WritingScript:Roman
OutlineFileName:C:\Dokumente und Einstellungen\l.sierek\Desktop\urban_takeover\trunk\resources\Font\HelveticaNeue\HELVETN1.PFB
DataFormat:Plain
UsesStandardEncoding:no
isCFF:no
FileLength:32020
FileModTime:1098362712
WeightClass:700
WidthClass:5
AngleClass:0
%EndFont

%BeginFont
Handler:DirectoryHandler
FontType:PFM
FontName:HelveticaNeue-Bold
NumMMAxes:0
OutlineFileName:C:\Dokumente und Einstellungen\l.sierek\Desktop\urban_takeover\trunk\resources\Font\HelveticaNeue\HELVETN1.pfm
FileLength:747
FileModTime:1098362712
%EndFont

%BeginFont
Handler:DirectoryHandler
FontType:Invalid
OutlineFileName:C:\Dokumente und Einstellungen\l.sierek\Desktop\urban_takeover\trunk\resources\Font\HelveticaNeue\HELVETNB.afm
FileModTime:1098362712
%EndFont

%BeginFont
Handler:DirectoryHandler
FontType:Invalid
OutlineFileName:C:\Dokumente und Einstellungen\l.sierek\Desktop\urban_takeover\trunk\resources\Font\HelveticaNeue\HELVETNB.inf
FileModTime:1098362712
%EndFont

%BeginFont
Handler:DirectoryHandler
FontType:Type1
FontName:HelveticaNeue-Black
FamilyName:Helvetica Neue
StyleName:95 Black
FullName:12 pt. Helvetica* 95 Black   09472
MenuName:HelveticaNeue
StyleBits:2
WritingScript:Roman
OutlineFileName:C:\Dokumente und Einstellungen\l.sierek\Desktop\urban_takeover\trunk\resources\Font\HelveticaNeue\HELVETNB.PFB
DataFormat:Plain
UsesStandardEncoding:no
isCFF:no
FileLength:34585
FileModTime:1098362712
WeightClass:900
WidthClass:5
AngleClass:0
%EndFont

%BeginFont
Handler:DirectoryHandler
FontType:PFM
FontName:HelveticaNeue-Black
NumMMAxes:0
OutlineFileName:C:\Dokumente und Einstellungen\l.sierek\Desktop\urban_takeover\trunk\resources\Font\HelveticaNeue\HELVETNB.pfm
FileLength:748
FileModTime:1098362712
%EndFont

%BeginFont
Handler:DirectoryHandler
FontType:Invalid
OutlineFileName:C:\Dokumente und Einstellungen\l.sierek\Desktop\urban_takeover\trunk\resources\Font\HelveticaNeue\HELVETNH.afm
FileModTime:1098362712
%EndFont

%BeginFont
Handler:DirectoryHandler
FontType:Invalid
OutlineFileName:C:\Dokumente und Einstellungen\l.sierek\Desktop\urban_takeover\trunk\resources\Font\HelveticaNeue\HELVETNH.inf
FileModTime:1098362712
%EndFont

%BeginFont
Handler:DirectoryHandler
FontType:Type1
FontName:HelveticaNeue-Heavy
FamilyName:Helvetica Neue
StyleName:85 Heavy
FullName:12 pt. Helvetica* 85 Heavy   08472
MenuName:HelveticaNeue
StyleBits:2
WritingScript:Roman
OutlineFileName:C:\Dokumente und Einstellungen\l.sierek\Desktop\urban_takeover\trunk\resources\Font\HelveticaNeue\HELVETNH.PFB
DataFormat:Plain
UsesStandardEncoding:no
isCFF:no
FileLength:33526
FileModTime:1098362712
WeightClass:850
WidthClass:5
AngleClass:0
%EndFont

%BeginFont
Handler:DirectoryHandler
FontType:PFM
FontName:HelveticaNeue-Heavy
NumMMAxes:0
OutlineFileName:C:\Dokumente und Einstellungen\l.sierek\Desktop\urban_takeover\trunk\resources\Font\HelveticaNeue\HELVETNH.pfm
FileLength:748
FileModTime:1098362712
%EndFont

%BeginFont
Handler:DirectoryHandler
FontType:Invalid
OutlineFileName:C:\Dokumente und Einstellungen\l.sierek\Desktop\urban_takeover\trunk\resources\Font\HelveticaNeue\HELVETNI.afm
FileModTime:1098362712
%EndFont

%BeginFont
Handler:DirectoryHandler
FontType:Invalid
OutlineFileName:C:\Dokumente und Einstellungen\l.sierek\Desktop\urban_takeover\trunk\resources\Font\HelveticaNeue\HELVETNI.inf
FileModTime:1098362712
%EndFont

%BeginFont
Handler:DirectoryHandler
FontType:Type1
FontName:HelveticaNeue-Italic
FamilyName:Helvetica Neue
StyleName:56 Italic
FullName:12 pt. Helvetica* 56 Italic   13472
MenuName:HelveticaNeue
StyleBits:1
WritingScript:Roman
OutlineFileName:C:\Dokumente und Einstellungen\l.sierek\Desktop\urban_takeover\trunk\resources\Font\HelveticaNeue\HELVETNI.PFB
DataFormat:Plain
UsesStandardEncoding:no
isCFF:no
FileLength:31698
FileModTime:1098362712
WeightClass:400
WidthClass:5
AngleClass:1
%EndFont

%BeginFont
Handler:DirectoryHandler
FontType:PFM
FontName:HelveticaNeue-Italic
NumMMAxes:0
OutlineFileName:C:\Dokumente und Einstellungen\l.sierek\Desktop\urban_takeover\trunk\resources\Font\HelveticaNeue\HELVETNI.pfm
FileLength:749
FileModTime:1098362712
%EndFont

%BeginFont
Handler:DirectoryHandler
FontType:Invalid
OutlineFileName:C:\Dokumente und Einstellungen\l.sierek\Desktop\urban_takeover\trunk\resources\Font\HelveticaNeue\HELVETNL.afm
FileModTime:1098362710
%EndFont

%BeginFont
Handler:DirectoryHandler
FontType:Invalid
OutlineFileName:C:\Dokumente und Einstellungen\l.sierek\Desktop\urban_takeover\trunk\resources\Font\HelveticaNeue\HELVETNL.inf
FileModTime:1098362710
%EndFont

%BeginFont
Handler:DirectoryHandler
FontType:Type1
FontName:HelveticaNeue-Light
FamilyName:Helvetica Neue
StyleName:45 Light
FullName:12 pt. Helvetica* 45 Light   02472
MenuName:HelveticaNeue
StyleBits:0
WritingScript:Roman
OutlineFileName:C:\Dokumente und Einstellungen\l.sierek\Desktop\urban_takeover\trunk\resources\Font\HelveticaNeue\HELVETNL.PFB
DataFormat:Plain
UsesStandardEncoding:no
isCFF:no
FileLength:31735
FileModTime:1098362710
WeightClass:300
WidthClass:5
AngleClass:0
%EndFont

%BeginFont
Handler:DirectoryHandler
FontType:PFM
FontName:HelveticaNeue-Light
NumMMAxes:0
OutlineFileName:C:\Dokumente und Einstellungen\l.sierek\Desktop\urban_takeover\trunk\resources\Font\HelveticaNeue\HELVETNL.pfm
FileLength:1148
FileModTime:1098362710
%EndFont

%BeginFont
Handler:DirectoryHandler
FontType:Invalid
OutlineFileName:C:\Dokumente und Einstellungen\l.sierek\Desktop\urban_takeover\trunk\resources\Font\HelveticaNeue\HELVETNM.afm
FileModTime:1098362710
%EndFont

%BeginFont
Handler:DirectoryHandler
FontType:Invalid
OutlineFileName:C:\Dokumente und Einstellungen\l.sierek\Desktop\urban_takeover\trunk\resources\Font\HelveticaNeue\HELVETNM.inf
FileModTime:1098362710
%EndFont

%BeginFont
Handler:DirectoryHandler
FontType:Type1
FontName:HelveticaNeue-Medium
FamilyName:Helvetica Neue
StyleName:65 Medium
FullName:12 pt. Helvetica* 65 Medium   06472
MenuName:HelveticaNeue
StyleBits:0
WritingScript:Roman
OutlineFileName:C:\Dokumente und Einstellungen\l.sierek\Desktop\urban_takeover\trunk\resources\Font\HelveticaNeue\HELVETNM.PFB
DataFormat:Plain
UsesStandardEncoding:no
isCFF:no
FileLength:32014
FileModTime:1098362710
WeightClass:500
WidthClass:5
AngleClass:0
%EndFont

%BeginFont
Handler:DirectoryHandler
FontType:PFM
FontName:HelveticaNeue-Medium
NumMMAxes:0
OutlineFileName:C:\Dokumente und Einstellungen\l.sierek\Desktop\urban_takeover\trunk\resources\Font\HelveticaNeue\HELVETNM.pfm
FileLength:1141
FileModTime:1098362710
%EndFont

%BeginFont
Handler:DirectoryHandler
FontType:Invalid
OutlineFileName:C:\Dokumente und Einstellungen\l.sierek\Desktop\urban_takeover\trunk\resources\Font\HelveticaNeue\HELVETNR.afm
FileModTime:1098362710
%EndFont

%BeginFont
Handler:DirectoryHandler
FontType:Invalid
OutlineFileName:C:\Dokumente und Einstellungen\l.sierek\Desktop\urban_takeover\trunk\resources\Font\HelveticaNeue\HELVETNR.inf
FileModTime:1098362710
%EndFont

%BeginFont
Handler:DirectoryHandler
FontType:Type1
FontName:HelveticaNeue-Roman
FamilyName:Helvetica Neue
StyleName:55 Roman
FullName:12 pt Helvetica* 55 Roman   05472
MenuName:HelveticaNeue
StyleBits:0
WritingScript:Roman
OutlineFileName:C:\Dokumente und Einstellungen\l.sierek\Desktop\urban_takeover\trunk\resources\Font\HelveticaNeue\HELVETNR.PFB
DataFormat:Plain
UsesStandardEncoding:no
isCFF:no
FileLength:31199
FileModTime:1098362710
WeightClass:400
WidthClass:5
AngleClass:0
%EndFont

%BeginFont
Handler:DirectoryHandler
FontType:PFM
FontName:HelveticaNeue-Roman
NumMMAxes:0
OutlineFileName:C:\Dokumente und Einstellungen\l.sierek\Desktop\urban_takeover\trunk\resources\Font\HelveticaNeue\HELVETNR.pfm
FileLength:1140
FileModTime:1098362710
%EndFont

%BeginFont
Handler:DirectoryHandler
FontType:Invalid
OutlineFileName:C:\Dokumente und Einstellungen\l.sierek\Desktop\urban_takeover\trunk\resources\Font\HelveticaNeue\HELVETNT.afm
FileModTime:1098362710
%EndFont

%BeginFont
Handler:DirectoryHandler
FontType:Invalid
OutlineFileName:C:\Dokumente und Einstellungen\l.sierek\Desktop\urban_takeover\trunk\resources\Font\HelveticaNeue\HELVETNT.inf
FileModTime:1098362710
%EndFont

%BeginFont
Handler:DirectoryHandler
FontType:Type1
FontName:HelveticaNeue-Thin
FamilyName:Helvetica Neue
StyleName:35 Thin
FullName:18 pt. Helvetica* 35 Thin  55472
MenuName:HelveticaNeue
StyleBits:0
WritingScript:Roman
OutlineFileName:C:\Dokumente und Einstellungen\l.sierek\Desktop\urban_takeover\trunk\resources\Font\HelveticaNeue\HELVETNT.PFB
DataFormat:Plain
UsesStandardEncoding:no
isCFF:no
FileLength:32851
FileModTime:1098362710
WeightClass:200
WidthClass:5
AngleClass:0
%EndFont

%BeginFont
Handler:DirectoryHandler
FontType:PFM
FontName:HelveticaNeue-Thin
NumMMAxes:0
OutlineFileName:C:\Dokumente und Einstellungen\l.sierek\Desktop\urban_takeover\trunk\resources\Font\HelveticaNeue\HELVETNT.pfm
FileLength:1091
FileModTime:1098362710
%EndFont

%BeginFont
Handler:DirectoryHandler
FontType:Invalid
OutlineFileName:C:\Dokumente und Einstellungen\l.sierek\Desktop\urban_takeover\trunk\resources\Font\HelveticaNeue\HELVNULI.afm
FileModTime:1098362712
%EndFont

%BeginFont
Handler:DirectoryHandler
FontType:Invalid
OutlineFileName:C:\Dokumente und Einstellungen\l.sierek\Desktop\urban_takeover\trunk\resources\Font\HelveticaNeue\HELVNULI.inf
FileModTime:1098362712
%EndFont

%BeginFont
Handler:DirectoryHandler
FontType:Type1
FontName:HelveticaNeue-UltraLightItal
FamilyName:Helvetica Neue
StyleName:26 Ultra Light Italic
FullName:18 pt Helvetica* 26 Ultra Light Italic  99472
MenuName:HelveticaNeue
StyleBits:1
WritingScript:Roman
OutlineFileName:C:\Dokumente und Einstellungen\l.sierek\Desktop\urban_takeover\trunk\resources\Font\HelveticaNeue\HELVNULI.PFB
DataFormat:Plain
UsesStandardEncoding:no
isCFF:no
FileLength:32534
FileModTime:1098362712
WeightClass:100
WidthClass:5
AngleClass:1
%EndFont

%BeginFont
Handler:DirectoryHandler
FontType:PFM
FontName:HelveticaNeue-UltraLightItal
NumMMAxes:0
OutlineFileName:C:\Dokumente und Einstellungen\l.sierek\Desktop\urban_takeover\trunk\resources\Font\HelveticaNeue\HELVNULI.pfm
FileLength:1129
FileModTime:1098362712
%EndFont

%BeginFont
Handler:DirectoryHandler
FontType:Invalid
OutlineFileName:C:\Dokumente und Einstellungen\l.sierek\Desktop\urban_takeover\trunk\resources\Font\HelveticaInserat\HELVETIR.afm
FileModTime:1098362710
%EndFont

%BeginFont
Handler:DirectoryHandler
FontType:Invalid
OutlineFileName:C:\Dokumente und Einstellungen\l.sierek\Desktop\urban_takeover\trunk\resources\Font\HelveticaInserat\HELVETIR.inf
FileModTime:1098362710
%EndFont

%BeginFont
Handler:DirectoryHandler
FontType:Type1
FontName:HelveticaInserat-Roman
FamilyName:Helvetica Inserat
StyleName:Medium
FullName:18 Helvetica* Inserat Roman   00131
MenuName:HelveticaInserat
StyleBits:0
WritingScript:Roman
OutlineFileName:C:\Dokumente und Einstellungen\l.sierek\Desktop\urban_takeover\trunk\resources\Font\HelveticaInserat\HELVETIR.PFB
DataFormat:Plain
UsesStandardEncoding:no
isCFF:no
FileLength:35575
FileModTime:1098362710
WeightClass:400
WidthClass:5
AngleClass:0
%EndFont

%BeginFont
Handler:DirectoryHandler
FontType:PFM
FontName:HelveticaInserat-Roman
NumMMAxes:0
OutlineFileName:C:\Dokumente und Einstellungen\l.sierek\Desktop\urban_takeover\trunk\resources\Font\HelveticaInserat\HELVETIR.pfm
FileLength:1106
FileModTime:1098362710
%EndFont

%BeginFont
Handler:DirectoryHandler
FontType:Invalid
OutlineFileName:C:\Dokumente und Einstellungen\l.sierek\Desktop\urban_takeover\trunk\resources\Font\Helvetica Neue\HELNULEO.afm
FileModTime:1098362714
%EndFont

%BeginFont
Handler:DirectoryHandler
FontType:Invalid
OutlineFileName:C:\Dokumente und Einstellungen\l.sierek\Desktop\urban_takeover\trunk\resources\Font\Helvetica Neue\HELNULEO.inf
FileModTime:1098362714
%EndFont

%BeginFont
Handler:DirectoryHandler
FontType:Type1
FontName:HelveticaNeue-UltraLigExt
FamilyName:Helvetica Neue
StyleName:23 Ultra Light Extended
FullName:Helvetica 23 Ultra Light Extended
MenuName:Helvetica Neue
StyleBits:1
WritingScript:Roman
OutlineFileName:C:\Dokumente und Einstellungen\l.sierek\Desktop\urban_takeover\trunk\resources\Font\Helvetica Neue\HELNULEO.PFB
DataFormat:Plain
UsesStandardEncoding:no
isCFF:no
FileLength:33893
FileModTime:1098362714
WeightClass:100
WidthClass:7
AngleClass:0
%EndFont

%BeginFont
Handler:DirectoryHandler
FontType:PFM
FontName:HelveticaNeue-UltraLigExt
NumMMAxes:0
OutlineFileName:C:\Dokumente und Einstellungen\l.sierek\Desktop\urban_takeover\trunk\resources\Font\Helvetica Neue\HELNULEO.pfm
FileLength:1091
FileModTime:1098362714
%EndFont

%BeginFont
Handler:DirectoryHandler
FontType:Invalid
OutlineFileName:C:\Dokumente und Einstellungen\l.sierek\Desktop\urban_takeover\trunk\resources\Font\Helvetica Neue\HELVENB1.afm
FileModTime:1098362714
%EndFont

%BeginFont
Handler:DirectoryHandler
FontType:Invalid
OutlineFileName:C:\Dokumente und Einstellungen\l.sierek\Desktop\urban_takeover\trunk\resources\Font\Helvetica Neue\HELVENB1.inf
FileModTime:1098362714
%EndFont

%BeginFont
Handler:DirectoryHandler
FontType:Type1
FontName:HelveticaNeue-BoldExt
FamilyName:Helvetica Neue
StyleName:73 Bold Extended
FullName:Helvetica 73 Bold Extended
MenuName:Helvetica Neue
StyleBits:2
WritingScript:Roman
OutlineFileName:C:\Dokumente und Einstellungen\l.sierek\Desktop\urban_takeover\trunk\resources\Font\Helvetica Neue\HELVENB1.PFB
DataFormat:Plain
UsesStandardEncoding:no
isCFF:no
FileLength:34798
FileModTime:1098362714
WeightClass:700
WidthClass:7
AngleClass:0
%EndFont

%BeginFont
Handler:DirectoryHandler
FontType:PFM
FontName:HelveticaNeue-BoldExt
NumMMAxes:0
OutlineFileName:C:\Dokumente und Einstellungen\l.sierek\Desktop\urban_takeover\trunk\resources\Font\Helvetica Neue\HELVENB1.pfm
FileLength:1095
FileModTime:1098362714
%EndFont

%BeginFont
Handler:DirectoryHandler
FontType:Invalid
OutlineFileName:C:\Dokumente und Einstellungen\l.sierek\Desktop\urban_takeover\trunk\resources\Font\Helvetica Neue\HELVENBE.afm
FileModTime:1098362714
%EndFont

%BeginFont
Handler:DirectoryHandler
FontType:Invalid
OutlineFileName:C:\Dokumente und Einstellungen\l.sierek\Desktop\urban_takeover\trunk\resources\Font\Helvetica Neue\HELVENBE.inf
FileModTime:1098362714
%EndFont

%BeginFont
Handler:DirectoryHandler
FontType:Type1
FontName:HelveticaNeue-BlackExt
FamilyName:Helvetica Neue
StyleName:93 Black Extended
FullName:Helvetica 93 Black Extended
MenuName:Helvetica Neue
StyleBits:2
WritingScript:Roman
OutlineFileName:C:\Dokumente und Einstellungen\l.sierek\Desktop\urban_takeover\trunk\resources\Font\Helvetica Neue\HELVENBE.PFB
DataFormat:Plain
UsesStandardEncoding:no
isCFF:no
FileLength:40366
FileModTime:1098362714
WeightClass:900
WidthClass:7
AngleClass:0
%EndFont

%BeginFont
Handler:DirectoryHandler
FontType:PFM
FontName:HelveticaNeue-BlackExt
NumMMAxes:0
OutlineFileName:C:\Dokumente und Einstellungen\l.sierek\Desktop\urban_takeover\trunk\resources\Font\Helvetica Neue\HELVENBE.pfm
FileLength:752
FileModTime:1098362714
%EndFont

%BeginFont
Handler:DirectoryHandler
FontType:Invalid
OutlineFileName:C:\Dokumente und Einstellungen\l.sierek\Desktop\urban_takeover\trunk\resources\Font\Helvetica Neue\HELVENEO.afm
FileModTime:1098362714
%EndFont

%BeginFont
Handler:DirectoryHandler
FontType:Invalid
OutlineFileName:C:\Dokumente und Einstellungen\l.sierek\Desktop\urban_takeover\trunk\resources\Font\Helvetica Neue\HELVENEO.inf
FileModTime:1098362714
%EndFont

%BeginFont
Handler:DirectoryHandler
FontType:Type1
FontName:HelveticaNeue-Extended
FamilyName:Helvetica Neue
StyleName:53 Extended
FullName:Helvetica 53 Extended
MenuName:Helvetica Neue
StyleBits:1
WritingScript:Roman
OutlineFileName:C:\Dokumente und Einstellungen\l.sierek\Desktop\urban_takeover\trunk\resources\Font\Helvetica Neue\HELVENEO.PFB
DataFormat:Plain
UsesStandardEncoding:no
isCFF:no
FileLength:33624
FileModTime:1098362714
WeightClass:400
WidthClass:7
AngleClass:0
%EndFont

%BeginFont
Handler:DirectoryHandler
FontType:PFM
FontName:HelveticaNeue-Extended
NumMMAxes:0
OutlineFileName:C:\Dokumente und Einstellungen\l.sierek\Desktop\urban_takeover\trunk\resources\Font\Helvetica Neue\HELVENEO.pfm
FileLength:1088
FileModTime:1098362714
%EndFont

%BeginFont
Handler:DirectoryHandler
FontType:Invalid
OutlineFileName:C:\Dokumente und Einstellungen\l.sierek\Desktop\urban_takeover\trunk\resources\Font\Helvetica Neue\HELVENHE.afm
FileModTime:1098362714
%EndFont

%BeginFont
Handler:DirectoryHandler
FontType:Invalid
OutlineFileName:C:\Dokumente und Einstellungen\l.sierek\Desktop\urban_takeover\trunk\resources\Font\Helvetica Neue\HELVENHE.inf
FileModTime:1098362714
%EndFont

%BeginFont
Handler:DirectoryHandler
FontType:Type1
FontName:HelveticaNeue-HeavyExt
FamilyName:Helvetica Neue
StyleName:83 Heavy Extended
FullName:Helvetica 83 Heavy Extended
MenuName:Helvetica Neue
StyleBits:2
WritingScript:Roman
OutlineFileName:C:\Dokumente und Einstellungen\l.sierek\Desktop\urban_takeover\trunk\resources\Font\Helvetica Neue\HELVENHE.PFB
DataFormat:Plain
UsesStandardEncoding:no
isCFF:no
FileLength:36863
FileModTime:1098362714
WeightClass:850
WidthClass:7
AngleClass:0
%EndFont

%BeginFont
Handler:DirectoryHandler
FontType:PFM
FontName:HelveticaNeue-HeavyExt
NumMMAxes:0
OutlineFileName:C:\Dokumente und Einstellungen\l.sierek\Desktop\urban_takeover\trunk\resources\Font\Helvetica Neue\HELVENHE.pfm
FileLength:1096
FileModTime:1098362714
%EndFont

%BeginFont
Handler:DirectoryHandler
FontType:Invalid
OutlineFileName:C:\Dokumente und Einstellungen\l.sierek\Desktop\urban_takeover\trunk\resources\Font\Helvetica Neue\HELVENLE.afm
FileModTime:1098362712
%EndFont

%BeginFont
Handler:DirectoryHandler
FontType:Invalid
OutlineFileName:C:\Dokumente und Einstellungen\l.sierek\Desktop\urban_takeover\trunk\resources\Font\Helvetica Neue\HELVENLE.inf
FileModTime:1098362712
%EndFont

%BeginFont
Handler:DirectoryHandler
FontType:Type1
FontName:HelveticaNeue-LightExt
FamilyName:Helvetica Neue
StyleName:43 Light Extended
FullName:Helvetica 43 Light Extended
MenuName:Helvetica Neue
StyleBits:0
WritingScript:Roman
OutlineFileName:C:\Dokumente und Einstellungen\l.sierek\Desktop\urban_takeover\trunk\resources\Font\Helvetica Neue\HELVENLE.PFB
DataFormat:Plain
UsesStandardEncoding:no
isCFF:no
FileLength:34594
FileModTime:1098362712
WeightClass:300
WidthClass:7
AngleClass:0
%EndFont

%BeginFont
Handler:DirectoryHandler
FontType:PFM
FontName:HelveticaNeue-LightExt
NumMMAxes:0
OutlineFileName:C:\Dokumente und Einstellungen\l.sierek\Desktop\urban_takeover\trunk\resources\Font\Helvetica Neue\HELVENLE.pfm
FileLength:1088
FileModTime:1098362712
%EndFont

%BeginFont
Handler:DirectoryHandler
FontType:Invalid
OutlineFileName:C:\Dokumente und Einstellungen\l.sierek\Desktop\urban_takeover\trunk\resources\Font\Helvetica Neue\HELVENME.afm
FileModTime:1098362712
%EndFont

%BeginFont
Handler:DirectoryHandler
FontType:Invalid
OutlineFileName:C:\Dokumente und Einstellungen\l.sierek\Desktop\urban_takeover\trunk\resources\Font\Helvetica Neue\HELVENME.inf
FileModTime:1098362712
%EndFont

%BeginFont
Handler:DirectoryHandler
FontType:Type1
FontName:HelveticaNeue-MediumExt
FamilyName:Helvetica Neue
StyleName:63 Medium Extended
FullName:Helvetica 63 Medium Extended
MenuName:Helvetica Neue
StyleBits:0
WritingScript:Roman
OutlineFileName:C:\Dokumente und Einstellungen\l.sierek\Desktop\urban_takeover\trunk\resources\Font\Helvetica Neue\HELVENME.PFB
DataFormat:Plain
UsesStandardEncoding:no
isCFF:no
FileLength:34411
FileModTime:1098362712
WeightClass:500
WidthClass:7
AngleClass:0
%EndFont

%BeginFont
Handler:DirectoryHandler
FontType:PFM
FontName:HelveticaNeue-MediumExt
NumMMAxes:0
OutlineFileName:C:\Dokumente und Einstellungen\l.sierek\Desktop\urban_takeover\trunk\resources\Font\Helvetica Neue\HELVENME.pfm
FileLength:1089
FileModTime:1098362712
%EndFont

%BeginFont
Handler:DirectoryHandler
FontType:Invalid
OutlineFileName:C:\Dokumente und Einstellungen\l.sierek\Desktop\urban_takeover\trunk\resources\Font\Helvetica Neue\HELVENTE.afm
FileModTime:1098362714
%EndFont

%BeginFont
Handler:DirectoryHandler
FontType:Invalid
OutlineFileName:C:\Dokumente und Einstellungen\l.sierek\Desktop\urban_takeover\trunk\resources\Font\Helvetica Neue\HELVENTE.inf
FileModTime:1098362714
%EndFont

%BeginFont
Handler:DirectoryHandler
FontType:Type1
FontName:HelveticaNeue-ThinExt
FamilyName:Helvetica Neue
StyleName:33 Thin Extended
FullName:Helvetica 33 Thin Extended
MenuName:Helvetica Neue
StyleBits:0
WritingScript:Roman
OutlineFileName:C:\Dokumente und Einstellungen\l.sierek\Desktop\urban_takeover\trunk\resources\Font\Helvetica Neue\HELVENTE.PFB
DataFormat:Plain
UsesStandardEncoding:no
isCFF:no
FileLength:34036
FileModTime:1098362714
WeightClass:200
WidthClass:7
AngleClass:0
%EndFont

%BeginFont
Handler:DirectoryHandler
FontType:PFM
FontName:HelveticaNeue-ThinExt
NumMMAxes:0
OutlineFileName:C:\Dokumente und Einstellungen\l.sierek\Desktop\urban_takeover\trunk\resources\Font\Helvetica Neue\HELVENTE.pfm
FileLength:1095
FileModTime:1098362714
%EndFont

%BeginFont
Handler:DirectoryHandler
FontType:Invalid
OutlineFileName:C:\Dokumente und Einstellungen\l.sierek\Desktop\urban_takeover\trunk\resources\Font\Helvetica Neue\HELVETNE.afm
FileModTime:1098362712
%EndFont

%BeginFont
Handler:DirectoryHandler
FontType:Invalid
OutlineFileName:C:\Dokumente und Einstellungen\l.sierek\Desktop\urban_takeover\trunk\resources\Font\Helvetica Neue\HELVETNE.inf
FileModTime:1098362712
%EndFont

%BeginFont
Handler:DirectoryHandler
FontType:Type1
FontName:HelveticaNeue-Extended
FamilyName:Helvetica Neue
StyleName:53 Extended
FullName:Helvetica 53 Extended
MenuName:Helvetica Neue
StyleBits:0
WritingScript:Roman
OutlineFileName:C:\Dokumente und Einstellungen\l.sierek\Desktop\urban_takeover\trunk\resources\Font\Helvetica Neue\HELVETNE.PFB
DataFormat:Plain
UsesStandardEncoding:no
isCFF:no
FileLength:33624
FileModTime:1098362712
WeightClass:400
WidthClass:7
AngleClass:0
%EndFont

%BeginFont
Handler:DirectoryHandler
FontType:PFM
FontName:HelveticaNeue-Extended
NumMMAxes:0
OutlineFileName:C:\Dokumente und Einstellungen\l.sierek\Desktop\urban_takeover\trunk\resources\Font\Helvetica Neue\HELVETNE.pfm
FileLength:1088
FileModTime:1098362712
%EndFont

%BeginFont
Handler:DirectoryHandler
FontType:Invalid
OutlineFileName:C:\Dokumente und Einstellungen\l.sierek\Desktop\urban_takeover\trunk\resources\Font\Helvetica Neue\HELVNBE1.afm
FileModTime:1098362714
%EndFont

%BeginFont
Handler:DirectoryHandler
FontType:Invalid
OutlineFileName:C:\Dokumente und Einstellungen\l.sierek\Desktop\urban_takeover\trunk\resources\Font\Helvetica Neue\HELVNBE1.inf
FileModTime:1098362714
%EndFont

%BeginFont
Handler:DirectoryHandler
FontType:Type1
FontName:HelveticaNeue-BoldExt
FamilyName:Helvetica Neue
StyleName:73 Bold Extended
FullName:Helvetica 73 Bold Extended
MenuName:Helvetica Neue
StyleBits:3
WritingScript:Roman
OutlineFileName:C:\Dokumente und Einstellungen\l.sierek\Desktop\urban_takeover\trunk\resources\Font\Helvetica Neue\HELVNBE1.PFB
DataFormat:Plain
UsesStandardEncoding:no
isCFF:no
FileLength:34798
FileModTime:1098362714
WeightClass:700
WidthClass:7
AngleClass:0
%EndFont

%BeginFont
Handler:DirectoryHandler
FontType:PFM
FontName:HelveticaNeue-BoldExt
NumMMAxes:0
OutlineFileName:C:\Dokumente und Einstellungen\l.sierek\Desktop\urban_takeover\trunk\resources\Font\Helvetica Neue\HELVNBE1.pfm
FileLength:1095
FileModTime:1098362714
%EndFont

%BeginFont
Handler:DirectoryHandler
FontType:Invalid
OutlineFileName:C:\Dokumente und Einstellungen\l.sierek\Desktop\urban_takeover\trunk\resources\Font\Helvetica Neue\HELVNBEO.afm
FileModTime:1098362714
%EndFont

%BeginFont
Handler:DirectoryHandler
FontType:Invalid
OutlineFileName:C:\Dokumente und Einstellungen\l.sierek\Desktop\urban_takeover\trunk\resources\Font\Helvetica Neue\HELVNBEO.inf
FileModTime:1098362714
%EndFont

%BeginFont
Handler:DirectoryHandler
FontType:Type1
FontName:HelveticaNeue-BlackExt
FamilyName:Helvetica Neue
StyleName:93 Black Extended
FullName:Helvetica 93 Black Extended
MenuName:Helvetica Neue
StyleBits:3
WritingScript:Roman
OutlineFileName:C:\Dokumente und Einstellungen\l.sierek\Desktop\urban_takeover\trunk\resources\Font\Helvetica Neue\HELVNBEO.PFB
DataFormat:Plain
UsesStandardEncoding:no
isCFF:no
FileLength:40366
FileModTime:1098362714
WeightClass:900
WidthClass:7
AngleClass:0
%EndFont

%BeginFont
Handler:DirectoryHandler
FontType:PFM
FontName:HelveticaNeue-BlackExt
NumMMAxes:0
OutlineFileName:C:\Dokumente und Einstellungen\l.sierek\Desktop\urban_takeover\trunk\resources\Font\Helvetica Neue\HELVNBEO.pfm
FileLength:752
FileModTime:1098362714
%EndFont

%BeginFont
Handler:DirectoryHandler
FontType:Invalid
OutlineFileName:C:\Dokumente und Einstellungen\l.sierek\Desktop\urban_takeover\trunk\resources\Font\Helvetica Neue\HELVNHEO.afm
FileModTime:1098362714
%EndFont

%BeginFont
Handler:DirectoryHandler
FontType:Invalid
OutlineFileName:C:\Dokumente und Einstellungen\l.sierek\Desktop\urban_takeover\trunk\resources\Font\Helvetica Neue\HELVNHEO.inf
FileModTime:1098362714
%EndFont

%BeginFont
Handler:DirectoryHandler
FontType:Type1
FontName:HelveticaNeue-HeavyExt
FamilyName:Helvetica Neue
StyleName:83 Heavy Extended
FullName:Helvetica 83 Heavy Extended
MenuName:Helvetica Neue
StyleBits:3
WritingScript:Roman
OutlineFileName:C:\Dokumente und Einstellungen\l.sierek\Desktop\urban_takeover\trunk\resources\Font\Helvetica Neue\HELVNHEO.PFB
DataFormat:Plain
UsesStandardEncoding:no
isCFF:no
FileLength:36863
FileModTime:1098362714
WeightClass:850
WidthClass:7
AngleClass:0
%EndFont

%BeginFont
Handler:DirectoryHandler
FontType:PFM
FontName:HelveticaNeue-HeavyExt
NumMMAxes:0
OutlineFileName:C:\Dokumente und Einstellungen\l.sierek\Desktop\urban_takeover\trunk\resources\Font\Helvetica Neue\HELVNHEO.pfm
FileLength:1096
FileModTime:1098362714
%EndFont

%BeginFont
Handler:DirectoryHandler
FontType:Invalid
OutlineFileName:C:\Dokumente und Einstellungen\l.sierek\Desktop\urban_takeover\trunk\resources\Font\Helvetica Neue\HELVNLEO.afm
FileModTime:1098362714
%EndFont

%BeginFont
Handler:DirectoryHandler
FontType:Invalid
OutlineFileName:C:\Dokumente und Einstellungen\l.sierek\Desktop\urban_takeover\trunk\resources\Font\Helvetica Neue\HELVNLEO.inf
FileModTime:1098362714
%EndFont

%BeginFont
Handler:DirectoryHandler
FontType:Type1
FontName:HelveticaNeue-LightExt
FamilyName:Helvetica Neue
StyleName:43 Light Extended
FullName:Helvetica 43 Light Extended
MenuName:Helvetica Neue
StyleBits:1
WritingScript:Roman
OutlineFileName:C:\Dokumente und Einstellungen\l.sierek\Desktop\urban_takeover\trunk\resources\Font\Helvetica Neue\HELVNLEO.PFB
DataFormat:Plain
UsesStandardEncoding:no
isCFF:no
FileLength:34594
FileModTime:1098362714
WeightClass:300
WidthClass:7
AngleClass:0
%EndFont

%BeginFont
Handler:DirectoryHandler
FontType:PFM
FontName:HelveticaNeue-LightExt
NumMMAxes:0
OutlineFileName:C:\Dokumente und Einstellungen\l.sierek\Desktop\urban_takeover\trunk\resources\Font\Helvetica Neue\HELVNLEO.pfm
FileLength:1088
FileModTime:1098362714
%EndFont

%BeginFont
Handler:DirectoryHandler
FontType:Invalid
OutlineFileName:C:\Dokumente und Einstellungen\l.sierek\Desktop\urban_takeover\trunk\resources\Font\Helvetica Neue\HELVNMEO.afm
FileModTime:1098362714
%EndFont

%BeginFont
Handler:DirectoryHandler
FontType:Invalid
OutlineFileName:C:\Dokumente und Einstellungen\l.sierek\Desktop\urban_takeover\trunk\resources\Font\Helvetica Neue\HELVNMEO.inf
FileModTime:1098362714
%EndFont

%BeginFont
Handler:DirectoryHandler
FontType:Type1
FontName:HelveticaNeue-MediumExt
FamilyName:Helvetica Neue
StyleName:63 Medium Extended
FullName:Helvetica 63 Medium Extended
MenuName:Helvetica Neue
StyleBits:1
WritingScript:Roman
OutlineFileName:C:\Dokumente und Einstellungen\l.sierek\Desktop\urban_takeover\trunk\resources\Font\Helvetica Neue\HELVNMEO.PFB
DataFormat:Plain
UsesStandardEncoding:no
isCFF:no
FileLength:34411
FileModTime:1098362714
WeightClass:500
WidthClass:7
AngleClass:0
%EndFont

%BeginFont
Handler:DirectoryHandler
FontType:PFM
FontName:HelveticaNeue-MediumExt
NumMMAxes:0
OutlineFileName:C:\Dokumente und Einstellungen\l.sierek\Desktop\urban_takeover\trunk\resources\Font\Helvetica Neue\HELVNMEO.pfm
FileLength:1089
FileModTime:1098362714
%EndFont

%BeginFont
Handler:DirectoryHandler
FontType:Invalid
OutlineFileName:C:\Dokumente und Einstellungen\l.sierek\Desktop\urban_takeover\trunk\resources\Font\Helvetica Neue\HELVNTEO.afm
FileModTime:1098362714
%EndFont

%BeginFont
Handler:DirectoryHandler
FontType:Invalid
OutlineFileName:C:\Dokumente und Einstellungen\l.sierek\Desktop\urban_takeover\trunk\resources\Font\Helvetica Neue\HELVNTEO.inf
FileModTime:1098362714
%EndFont

%BeginFont
Handler:DirectoryHandler
FontType:Type1
FontName:HelveticaNeue-ThinExt
FamilyName:Helvetica Neue
StyleName:33 Thin Extended
FullName:Helvetica 33 Thin Extended
MenuName:Helvetica Neue
StyleBits:1
WritingScript:Roman
OutlineFileName:C:\Dokumente und Einstellungen\l.sierek\Desktop\urban_takeover\trunk\resources\Font\Helvetica Neue\HELVNTEO.PFB
DataFormat:Plain
UsesStandardEncoding:no
isCFF:no
FileLength:34036
FileModTime:1098362714
WeightClass:200
WidthClass:7
AngleClass:0
%EndFont

%BeginFont
Handler:DirectoryHandler
FontType:PFM
FontName:HelveticaNeue-ThinExt
NumMMAxes:0
OutlineFileName:C:\Dokumente und Einstellungen\l.sierek\Desktop\urban_takeover\trunk\resources\Font\Helvetica Neue\HELVNTEO.pfm
FileLength:751
FileModTime:1098362714
%EndFont

%BeginFont
Handler:DirectoryHandler
FontType:Invalid
OutlineFileName:C:\Dokumente und Einstellungen\l.sierek\Desktop\urban_takeover\trunk\resources\Font\Helvetica Neue\HELVNULE.afm
FileModTime:1098362714
%EndFont

%BeginFont
Handler:DirectoryHandler
FontType:Invalid
OutlineFileName:C:\Dokumente und Einstellungen\l.sierek\Desktop\urban_takeover\trunk\resources\Font\Helvetica Neue\HELVNULE.inf
FileModTime:1098362714
%EndFont

%BeginFont
Handler:DirectoryHandler
FontType:Type1
FontName:HelveticaNeue-UltraLigExt
FamilyName:Helvetica Neue
StyleName:23 Ultra Light Extended
FullName:Helvetica 23 Ultra Light Extended
MenuName:Helvetica Neue
StyleBits:0
WritingScript:Roman
OutlineFileName:C:\Dokumente und Einstellungen\l.sierek\Desktop\urban_takeover\trunk\resources\Font\Helvetica Neue\HELVNULE.PFB
DataFormat:Plain
UsesStandardEncoding:no
isCFF:no
FileLength:33893
FileModTime:1098362714
WeightClass:100
WidthClass:7
AngleClass:0
%EndFont

%BeginFont
Handler:DirectoryHandler
FontType:PFM
FontName:HelveticaNeue-UltraLigExt
NumMMAxes:0
OutlineFileName:C:\Dokumente und Einstellungen\l.sierek\Desktop\urban_takeover\trunk\resources\Font\Helvetica Neue\HELVNULE.pfm
FileLength:1091
FileModTime:1098362714
%EndFont

%BeginFont
Handler:DirectoryHandler
FontType:Invalid
OutlineFileName:C:\Dokumente und Einstellungen\l.sierek\Desktop\urban_takeover\trunk\resources\Font\Helvetica\HELVECB1.afm
FileModTime:1098362710
%EndFont

%BeginFont
Handler:DirectoryHandler
FontType:Invalid
OutlineFileName:C:\Dokumente und Einstellungen\l.sierek\Desktop\urban_takeover\trunk\resources\Font\Helvetica\HELVECB1.inf
FileModTime:1098362710
%EndFont

%BeginFont
Handler:DirectoryHandler
FontType:Type1
FontName:Helvetica-Condensed-Bold
FamilyName:Helvetica
StyleName:Bold Condensed
FullName:Helvetica Condensed Bold
MenuName:Helvetica
StyleBits:1
WritingScript:Roman
OutlineFileName:C:\Dokumente und Einstellungen\l.sierek\Desktop\urban_takeover\trunk\resources\Font\Helvetica\HELVECB1.PFB
DataFormat:Plain
UsesStandardEncoding:no
isCFF:no
FileLength:32133
FileModTime:1098362710
WeightClass:700
WidthClass:3
AngleClass:0
%EndFont

%BeginFont
Handler:DirectoryHandler
FontType:PFM
FontName:Helvetica-Condensed-Bold
NumMMAxes:0
OutlineFileName:C:\Dokumente und Einstellungen\l.sierek\Desktop\urban_takeover\trunk\resources\Font\Helvetica\HELVECB1.pfm
FileLength:749
FileModTime:1098362710
%EndFont

%BeginFont
Handler:DirectoryHandler
FontType:Invalid
OutlineFileName:C:\Dokumente und Einstellungen\l.sierek\Desktop\urban_takeover\trunk\resources\Font\Helvetica\HELVECBO.afm
FileModTime:1098362710
%EndFont

%BeginFont
Handler:DirectoryHandler
FontType:Invalid
OutlineFileName:C:\Dokumente und Einstellungen\l.sierek\Desktop\urban_takeover\trunk\resources\Font\Helvetica\HELVECBO.inf
FileModTime:1098362710
%EndFont

%BeginFont
Handler:DirectoryHandler
FontType:Type1
FontName:Helvetica-Condensed-Black
FamilyName:Helvetica
StyleName:Black Condensed
FullName:Helvetica Condensed Black
MenuName:Helvetica
StyleBits:1
WritingScript:Roman
OutlineFileName:C:\Dokumente und Einstellungen\l.sierek\Desktop\urban_takeover\trunk\resources\Font\Helvetica\HELVECBO.PFB
DataFormat:Plain
UsesStandardEncoding:no
isCFF:no
FileLength:33553
FileModTime:1098362710
WeightClass:900
WidthClass:3
AngleClass:0
%EndFont

%BeginFont
Handler:DirectoryHandler
FontType:PFM
FontName:Helvetica-Condensed-Black
NumMMAxes:0
OutlineFileName:C:\Dokumente und Einstellungen\l.sierek\Desktop\urban_takeover\trunk\resources\Font\Helvetica\HELVECBO.pfm
FileLength:750
FileModTime:1098362710
%EndFont

%BeginFont
Handler:DirectoryHandler
FontType:Invalid
OutlineFileName:C:\Dokumente und Einstellungen\l.sierek\Desktop\urban_takeover\trunk\resources\Font\Helvetica\HELVECLO.afm
FileModTime:1098362710
%EndFont

%BeginFont
Handler:DirectoryHandler
FontType:Invalid
OutlineFileName:C:\Dokumente und Einstellungen\l.sierek\Desktop\urban_takeover\trunk\resources\Font\Helvetica\HELVECLO.inf
FileModTime:1098362710
%EndFont

%BeginFont
Handler:DirectoryHandler
FontType:Type1
FontName:Helvetica-Condensed-Light
FamilyName:Helvetica
StyleName:Light Condensed
FullName:Helvetica Condensed Light
MenuName:Helvetica
StyleBits:1
WritingScript:Roman
OutlineFileName:C:\Dokumente und Einstellungen\l.sierek\Desktop\urban_takeover\trunk\resources\Font\Helvetica\HELVECLO.PFB
DataFormat:Plain
UsesStandardEncoding:no
isCFF:no
FileLength:30271
FileModTime:1098362710
WeightClass:300
WidthClass:3
AngleClass:0
%EndFont

%BeginFont
Handler:DirectoryHandler
FontType:PFM
FontName:Helvetica-Condensed-Light
NumMMAxes:0
OutlineFileName:C:\Dokumente und Einstellungen\l.sierek\Desktop\urban_takeover\trunk\resources\Font\Helvetica\HELVECLO.pfm
FileLength:750
FileModTime:1098362710
%EndFont

%BeginFont
Handler:DirectoryHandler
FontType:Invalid
OutlineFileName:C:\Dokumente und Einstellungen\l.sierek\Desktop\urban_takeover\trunk\resources\Font\Helvetica\HELVERB1.afm
FileModTime:1098362710
%EndFont

%BeginFont
Handler:DirectoryHandler
FontType:Invalid
OutlineFileName:C:\Dokumente und Einstellungen\l.sierek\Desktop\urban_takeover\trunk\resources\Font\Helvetica\HELVERB1.inf
FileModTime:1098362710
%EndFont

%BeginFont
Handler:DirectoryHandler
FontType:Type1
FontName:HelveticaRounded-Bold
FamilyName:Helvetica Rounded
StyleName:Bold
FullName:Helvetica Rounded Bold
MenuName:Helvetica
StyleBits:3
WritingScript:Roman
OutlineFileName:C:\Dokumente und Einstellungen\l.sierek\Desktop\urban_takeover\trunk\resources\Font\Helvetica\HELVERB1.PFB
DataFormat:Plain
UsesStandardEncoding:no
isCFF:no
FileLength:36093
FileModTime:1098362710
WeightClass:700
WidthClass:5
AngleClass:0
%EndFont

%BeginFont
Handler:DirectoryHandler
FontType:PFM
FontName:HelveticaRounded-Bold
NumMMAxes:0
OutlineFileName:C:\Dokumente und Einstellungen\l.sierek\Desktop\urban_takeover\trunk\resources\Font\Helvetica\HELVERB1.pfm
FileLength:1374
FileModTime:1098362710
%EndFont

%BeginFont
Handler:DirectoryHandler
FontType:Invalid
OutlineFileName:C:\Dokumente und Einstellungen\l.sierek\Desktop\urban_takeover\trunk\resources\Font\Helvetica\HELVERBC.afm
FileModTime:1098362708
%EndFont

%BeginFont
Handler:DirectoryHandler
FontType:Invalid
OutlineFileName:C:\Dokumente und Einstellungen\l.sierek\Desktop\urban_takeover\trunk\resources\Font\Helvetica\HELVERBC.inf
FileModTime:1098362708
%EndFont

%BeginFont
Handler:DirectoryHandler
FontType:Type1
FontName:HelveticaRounded-BoldCond
FamilyName:Helvetica Rounded
StyleName:Bold Condensed
FullName:Helvetica Rounded Bold Condensed
MenuName:Helvetica
StyleBits:2
WritingScript:Roman
OutlineFileName:C:\Dokumente und Einstellungen\l.sierek\Desktop\urban_takeover\trunk\resources\Font\Helvetica\HELVERBC.PFB
DataFormat:Plain
UsesStandardEncoding:no
isCFF:no
FileLength:36186
FileModTime:1098362708
WeightClass:700
WidthClass:3
AngleClass:0
%EndFont

%BeginFont
Handler:DirectoryHandler
FontType:PFM
FontName:HelveticaRounded-BoldCond
NumMMAxes:0
OutlineFileName:C:\Dokumente und Einstellungen\l.sierek\Desktop\urban_takeover\trunk\resources\Font\Helvetica\HELVERBC.pfm
FileLength:750
FileModTime:1098362708
%EndFont

%BeginFont
Handler:DirectoryHandler
FontType:Invalid
OutlineFileName:C:\Dokumente und Einstellungen\l.sierek\Desktop\urban_takeover\trunk\resources\Font\Helvetica\HELVERBO.afm
FileModTime:1098362710
%EndFont

%BeginFont
Handler:DirectoryHandler
FontType:Invalid
OutlineFileName:C:\Dokumente und Einstellungen\l.sierek\Desktop\urban_takeover\trunk\resources\Font\Helvetica\HELVERBO.inf
FileModTime:1098362710
%EndFont

%BeginFont
Handler:DirectoryHandler
FontType:Type1
FontName:HelveticaRounded-Black
FamilyName:Helvetica Rounded
StyleName:Black
FullName:Helvetica Rounded Black
MenuName:Helvetica
StyleBits:3
WritingScript:Roman
OutlineFileName:C:\Dokumente und Einstellungen\l.sierek\Desktop\urban_takeover\trunk\resources\Font\Helvetica\HELVERBO.PFB
DataFormat:Plain
UsesStandardEncoding:no
isCFF:no
FileLength:36829
FileModTime:1098362710
WeightClass:900
WidthClass:5
AngleClass:0
%EndFont

%BeginFont
Handler:DirectoryHandler
FontType:PFM
FontName:HelveticaRounded-Black
NumMMAxes:0
OutlineFileName:C:\Dokumente und Einstellungen\l.sierek\Desktop\urban_takeover\trunk\resources\Font\Helvetica\HELVERBO.pfm
FileLength:1375
FileModTime:1098362710
%EndFont

%BeginFont
Handler:DirectoryHandler
FontType:Invalid
OutlineFileName:C:\Dokumente und Einstellungen\l.sierek\Desktop\urban_takeover\trunk\resources\Font\Helvetica\HELVETBO.afm
FileModTime:1098362710
%EndFont

%BeginFont
Handler:DirectoryHandler
FontType:Invalid
OutlineFileName:C:\Dokumente und Einstellungen\l.sierek\Desktop\urban_takeover\trunk\resources\Font\Helvetica\HELVETBO.inf
FileModTime:1098362710
%EndFont

%BeginFont
Handler:DirectoryHandler
FontType:Type1
FontName:Helvetica-Black
FamilyName:Helvetica
StyleName:Black
FullName:Helvetica Black
MenuName:Helvetica
StyleBits:3
WritingScript:Roman
OutlineFileName:C:\Dokumente und Einstellungen\l.sierek\Desktop\urban_takeover\trunk\resources\Font\Helvetica\HELVETBO.PFB
DataFormat:Plain
UsesStandardEncoding:no
isCFF:no
FileLength:33679
FileModTime:1098362710
WeightClass:900
WidthClass:5
AngleClass:0
%EndFont

%BeginFont
Handler:DirectoryHandler
FontType:PFM
FontName:Helvetica-Black
NumMMAxes:0
OutlineFileName:C:\Dokumente und Einstellungen\l.sierek\Desktop\urban_takeover\trunk\resources\Font\Helvetica\HELVETBO.pfm
FileLength:740
FileModTime:1098362710
%EndFont

%BeginFont
Handler:DirectoryHandler
FontType:Invalid
OutlineFileName:C:\Dokumente und Einstellungen\l.sierek\Desktop\urban_takeover\trunk\resources\Font\Helvetica\HELVETC1.afm
FileModTime:1098362708
%EndFont

%BeginFont
Handler:DirectoryHandler
FontType:Invalid
OutlineFileName:C:\Dokumente und Einstellungen\l.sierek\Desktop\urban_takeover\trunk\resources\Font\Helvetica\HELVETC1.inf
FileModTime:1098362708
%EndFont

%BeginFont
Handler:DirectoryHandler
FontType:Type1
FontName:Helvetica-Condensed-Bold
FamilyName:Helvetica
StyleName:Bold Condensed
FullName:Helvetica Condensed Bold
MenuName:Helvetica
StyleBits:0
WritingScript:Roman
OutlineFileName:C:\Dokumente und Einstellungen\l.sierek\Desktop\urban_takeover\trunk\resources\Font\Helvetica\HELVETC1.PFB
DataFormat:Plain
UsesStandardEncoding:no
isCFF:no
FileLength:32133
FileModTime:1098362708
WeightClass:700
WidthClass:3
AngleClass:0
%EndFont

%BeginFont
Handler:DirectoryHandler
FontType:PFM
FontName:Helvetica-Condensed-Bold
NumMMAxes:0
OutlineFileName:C:\Dokumente und Einstellungen\l.sierek\Desktop\urban_takeover\trunk\resources\Font\Helvetica\HELVETC1.pfm
FileLength:1101
FileModTime:1098362708
%EndFont

%BeginFont
Handler:DirectoryHandler
FontType:Invalid
OutlineFileName:C:\Dokumente und Einstellungen\l.sierek\Desktop\urban_takeover\trunk\resources\Font\Helvetica\HELVETCB.afm
FileModTime:1098362708
%EndFont

%BeginFont
Handler:DirectoryHandler
FontType:Invalid
OutlineFileName:C:\Dokumente und Einstellungen\l.sierek\Desktop\urban_takeover\trunk\resources\Font\Helvetica\HELVETCB.inf
FileModTime:1098362708
%EndFont

%BeginFont
Handler:DirectoryHandler
FontType:Type1
FontName:Helvetica-Condensed-Black
FamilyName:Helvetica
StyleName:Black Condensed
FullName:Helvetica Condensed Black
MenuName:Helvetica
StyleBits:0
WritingScript:Roman
OutlineFileName:C:\Dokumente und Einstellungen\l.sierek\Desktop\urban_takeover\trunk\resources\Font\Helvetica\HELVETCB.PFB
DataFormat:Plain
UsesStandardEncoding:no
isCFF:no
FileLength:33553
FileModTime:1098362708
WeightClass:900
WidthClass:3
AngleClass:0
%EndFont

%BeginFont
Handler:DirectoryHandler
FontType:PFM
FontName:Helvetica-Condensed-Black
NumMMAxes:0
OutlineFileName:C:\Dokumente und Einstellungen\l.sierek\Desktop\urban_takeover\trunk\resources\Font\Helvetica\HELVETCB.pfm
FileLength:1094
FileModTime:1098362708
%EndFont

%BeginFont
Handler:DirectoryHandler
FontType:Invalid
OutlineFileName:C:\Dokumente und Einstellungen\l.sierek\Desktop\urban_takeover\trunk\resources\Font\Helvetica\HELVETCL.afm
FileModTime:1098362708
%EndFont

%BeginFont
Handler:DirectoryHandler
FontType:Invalid
OutlineFileName:C:\Dokumente und Einstellungen\l.sierek\Desktop\urban_takeover\trunk\resources\Font\Helvetica\HELVETCL.inf
FileModTime:1098362708
%EndFont

%BeginFont
Handler:DirectoryHandler
FontType:Type1
FontName:Helvetica-Condensed-Light
FamilyName:Helvetica
StyleName:Light Condensed
FullName:Helvetica Condensed Light
MenuName:Helvetica
StyleBits:0
WritingScript:Roman
OutlineFileName:C:\Dokumente und Einstellungen\l.sierek\Desktop\urban_takeover\trunk\resources\Font\Helvetica\HELVETCL.PFB
DataFormat:Plain
UsesStandardEncoding:no
isCFF:no
FileLength:30271
FileModTime:1098362708
WeightClass:300
WidthClass:3
AngleClass:0
%EndFont

%BeginFont
Handler:DirectoryHandler
FontType:PFM
FontName:Helvetica-Condensed-Light
NumMMAxes:0
OutlineFileName:C:\Dokumente und Einstellungen\l.sierek\Desktop\urban_takeover\trunk\resources\Font\Helvetica\HELVETCL.pfm
FileLength:1094
FileModTime:1098362708
%EndFont

%BeginFont
Handler:DirectoryHandler
FontType:Invalid
OutlineFileName:C:\Dokumente und Einstellungen\l.sierek\Desktop\urban_takeover\trunk\resources\Font\Helvetica\HELVETCO.afm
FileModTime:1098362710
%EndFont

%BeginFont
Handler:DirectoryHandler
FontType:Invalid
OutlineFileName:C:\Dokumente und Einstellungen\l.sierek\Desktop\urban_takeover\trunk\resources\Font\Helvetica\HELVETCO.inf
FileModTime:1098362710
%EndFont

%BeginFont
Handler:DirectoryHandler
FontType:Type1
FontName:Helvetica-Condensed
FamilyName:Helvetica
StyleName:Medium Condensed
FullName:Helvetica Condensed Medium
MenuName:Helvetica
StyleBits:1
WritingScript:Roman
OutlineFileName:C:\Dokumente und Einstellungen\l.sierek\Desktop\urban_takeover\trunk\resources\Font\Helvetica\HELVETCO.PFB
DataFormat:Plain
UsesStandardEncoding:no
isCFF:no
FileLength:31217
FileModTime:1098362710
WeightClass:400
WidthClass:3
AngleClass:0
%EndFont

%BeginFont
Handler:DirectoryHandler
FontType:PFM
FontName:Helvetica-Condensed
NumMMAxes:0
OutlineFileName:C:\Dokumente und Einstellungen\l.sierek\Desktop\urban_takeover\trunk\resources\Font\Helvetica\HELVETCO.pfm
FileLength:744
FileModTime:1098362710
%EndFont

%BeginFont
Handler:DirectoryHandler
FontType:Invalid
OutlineFileName:C:\Dokumente und Einstellungen\l.sierek\Desktop\urban_takeover\trunk\resources\Font\Helvetica\HELVETEC.afm
FileModTime:1098362708
%EndFont

%BeginFont
Handler:DirectoryHandler
FontType:Invalid
OutlineFileName:C:\Dokumente und Einstellungen\l.sierek\Desktop\urban_takeover\trunk\resources\Font\Helvetica\HELVETEC.inf
FileModTime:1098362708
%EndFont

%BeginFont
Handler:DirectoryHandler
FontType:Type1
FontName:Helvetica-ExtraCompressed
FamilyName:Helvetica
StyleName:Extra Compressed
FullName:Helvetica Extra Compressed
MenuName:Helvetica
StyleBits:0
WritingScript:Roman
OutlineFileName:C:\Dokumente und Einstellungen\l.sierek\Desktop\urban_takeover\trunk\resources\Font\Helvetica\HELVETEC.PFB
DataFormat:Plain
UsesStandardEncoding:no
isCFF:no
FileLength:31919
FileModTime:1098362708
WeightClass:900
WidthClass:1
AngleClass:0
%EndFont

%BeginFont
Handler:DirectoryHandler
FontType:PFM
FontName:Helvetica-ExtraCompressed
NumMMAxes:0
OutlineFileName:C:\Dokumente und Einstellungen\l.sierek\Desktop\urban_takeover\trunk\resources\Font\Helvetica\HELVETEC.pfm
FileLength:1098
FileModTime:1098362708
%EndFont

%BeginFont
Handler:DirectoryHandler
FontType:Invalid
OutlineFileName:C:\Dokumente und Einstellungen\l.sierek\Desktop\urban_takeover\trunk\resources\Font\Helvetica\HELVETI1.afm
FileModTime:1098362708
%EndFont

%BeginFont
Handler:DirectoryHandler
FontType:Invalid
OutlineFileName:C:\Dokumente und Einstellungen\l.sierek\Desktop\urban_takeover\trunk\resources\Font\Helvetica\HELVETI1.inf
FileModTime:1098362708
%EndFont

%BeginFont
Handler:DirectoryHandler
FontType:Type1
FontName:Helvetica-Condensed
FamilyName:Helvetica
StyleName:Medium Condensed
FullName:Helvetica Condensed Medium
MenuName:Helvetica
StyleBits:0
WritingScript:Roman
OutlineFileName:C:\Dokumente und Einstellungen\l.sierek\Desktop\urban_takeover\trunk\resources\Font\Helvetica\HELVETI1.PFB
DataFormat:Plain
UsesStandardEncoding:no
isCFF:no
FileLength:31217
FileModTime:1098362708
WeightClass:400
WidthClass:3
AngleClass:0
%EndFont

%BeginFont
Handler:DirectoryHandler
FontType:PFM
FontName:Helvetica-Condensed
NumMMAxes:0
OutlineFileName:C:\Dokumente und Einstellungen\l.sierek\Desktop\urban_takeover\trunk\resources\Font\Helvetica\HELVETI1.pfm
FileLength:1104
FileModTime:1098362708
%EndFont

%BeginFont
Handler:DirectoryHandler
FontType:Invalid
OutlineFileName:C:\Dokumente und Einstellungen\l.sierek\Desktop\urban_takeover\trunk\resources\Font\Helvetica\HELVETIB.afm
FileModTime:1098362708
%EndFont

%BeginFont
Handler:DirectoryHandler
FontType:Invalid
OutlineFileName:C:\Dokumente und Einstellungen\l.sierek\Desktop\urban_takeover\trunk\resources\Font\Helvetica\HELVETIB.inf
FileModTime:1098362708
%EndFont

%BeginFont
Handler:DirectoryHandler
FontType:Type1
FontName:Helvetica-Black
FamilyName:Helvetica
StyleName:Black
FullName:Helvetica Black
MenuName:Helvetica
StyleBits:2
WritingScript:Roman
OutlineFileName:C:\Dokumente und Einstellungen\l.sierek\Desktop\urban_takeover\trunk\resources\Font\Helvetica\HELVETIB.PFB
DataFormat:Plain
UsesStandardEncoding:no
isCFF:no
FileLength:33679
FileModTime:1098362708
WeightClass:900
WidthClass:5
AngleClass:0
%EndFont

%BeginFont
Handler:DirectoryHandler
FontType:PFM
FontName:Helvetica-Black
NumMMAxes:0
OutlineFileName:C:\Dokumente und Einstellungen\l.sierek\Desktop\urban_takeover\trunk\resources\Font\Helvetica\HELVETIB.pfm
FileLength:740
FileModTime:1098362708
%EndFont

%BeginFont
Handler:DirectoryHandler
FontType:Invalid
OutlineFileName:C:\Dokumente und Einstellungen\l.sierek\Desktop\urban_takeover\trunk\resources\Font\Helvetica\HELVETIC.afm
FileModTime:1098362708
%EndFont

%BeginFont
Handler:DirectoryHandler
FontType:Invalid
OutlineFileName:C:\Dokumente und Einstellungen\l.sierek\Desktop\urban_takeover\trunk\resources\Font\Helvetica\HELVETIC.inf
FileModTime:1098362708
%EndFont

%BeginFont
Handler:DirectoryHandler
FontType:Type1
FontName:Helvetica-Compressed
FamilyName:Helvetica
StyleName:Compressed
FullName:Helvetica Compressed
MenuName:Helvetica
StyleBits:0
WritingScript:Roman
OutlineFileName:C:\Dokumente und Einstellungen\l.sierek\Desktop\urban_takeover\trunk\resources\Font\Helvetica\HELVETIC.PFB
DataFormat:Plain
UsesStandardEncoding:no
isCFF:no
FileLength:31376
FileModTime:1098362708
WeightClass:900
WidthClass:2
AngleClass:0
%EndFont

%BeginFont
Handler:DirectoryHandler
FontType:PFM
FontName:Helvetica-Compressed
NumMMAxes:0
OutlineFileName:C:\Dokumente und Einstellungen\l.sierek\Desktop\urban_takeover\trunk\resources\Font\Helvetica\HELVETIC.pfm
FileLength:1105
FileModTime:1098362708
%EndFont

%BeginFont
Handler:DirectoryHandler
FontType:Invalid
OutlineFileName:C:\Dokumente und Einstellungen\l.sierek\Desktop\urban_takeover\trunk\resources\Font\Helvetica\HELVETIL.afm
FileModTime:1098362708
%EndFont

%BeginFont
Handler:DirectoryHandler
FontType:Invalid
OutlineFileName:C:\Dokumente und Einstellungen\l.sierek\Desktop\urban_takeover\trunk\resources\Font\Helvetica\HELVETIL.inf
FileModTime:1098362708
%EndFont

%BeginFont
Handler:DirectoryHandler
FontType:Type1
FontName:Helvetica-Light
FamilyName:Helvetica
StyleName:Light
FullName:Helvetica Light
MenuName:Helvetica
StyleBits:0
WritingScript:Roman
OutlineFileName:C:\Dokumente und Einstellungen\l.sierek\Desktop\urban_takeover\trunk\resources\Font\Helvetica\HELVETIL.PFB
DataFormat:Plain
UsesStandardEncoding:no
isCFF:no
FileLength:29591
FileModTime:1098362708
WeightClass:300
WidthClass:5
AngleClass:0
%EndFont

%BeginFont
Handler:DirectoryHandler
FontType:PFM
FontName:Helvetica-Light
NumMMAxes:0
OutlineFileName:C:\Dokumente und Einstellungen\l.sierek\Desktop\urban_takeover\trunk\resources\Font\Helvetica\HELVETIL.pfm
FileLength:740
FileModTime:1098362708
%EndFont

%BeginFont
Handler:DirectoryHandler
FontType:Invalid
OutlineFileName:C:\Dokumente und Einstellungen\l.sierek\Desktop\urban_takeover\trunk\resources\Font\Helvetica\HELVETLO.afm
FileModTime:1098362710
%EndFont

%BeginFont
Handler:DirectoryHandler
FontType:Invalid
OutlineFileName:C:\Dokumente und Einstellungen\l.sierek\Desktop\urban_takeover\trunk\resources\Font\Helvetica\HELVETLO.inf
FileModTime:1098362710
%EndFont

%BeginFont
Handler:DirectoryHandler
FontType:Type1
FontName:Helvetica-Light
FamilyName:Helvetica
StyleName:Light
FullName:Helvetica Light
MenuName:Helvetica
StyleBits:1
WritingScript:Roman
OutlineFileName:C:\Dokumente und Einstellungen\l.sierek\Desktop\urban_takeover\trunk\resources\Font\Helvetica\HELVETLO.PFB
DataFormat:Plain
UsesStandardEncoding:no
isCFF:no
FileLength:29591
FileModTime:1098362710
WeightClass:300
WidthClass:5
AngleClass:0
%EndFont

%BeginFont
Handler:DirectoryHandler
FontType:PFM
FontName:Helvetica-Light
NumMMAxes:0
OutlineFileName:C:\Dokumente und Einstellungen\l.sierek\Desktop\urban_takeover\trunk\resources\Font\Helvetica\HELVETLO.pfm
FileLength:740
FileModTime:1098362710
%EndFont

%BeginFont
Handler:DirectoryHandler
FontType:Invalid
OutlineFileName:C:\Dokumente und Einstellungen\l.sierek\Desktop\urban_takeover\trunk\resources\Font\Helvetica\HELVETR1.afm
FileModTime:1098362708
%EndFont

%BeginFont
Handler:DirectoryHandler
FontType:Invalid
OutlineFileName:C:\Dokumente und Einstellungen\l.sierek\Desktop\urban_takeover\trunk\resources\Font\Helvetica\HELVETR1.inf
FileModTime:1098362708
%EndFont

%BeginFont
Handler:DirectoryHandler
FontType:Type1
FontName:HelveticaRounded-Bold
FamilyName:Helvetica Rounded
StyleName:Bold
FullName:Helvetica Rounded Bold
MenuName:Helvetica
StyleBits:2
WritingScript:Roman
OutlineFileName:C:\Dokumente und Einstellungen\l.sierek\Desktop\urban_takeover\trunk\resources\Font\Helvetica\HELVETR1.PFB
DataFormat:Plain
UsesStandardEncoding:no
isCFF:no
FileLength:36093
FileModTime:1098362708
WeightClass:700
WidthClass:5
AngleClass:0
%EndFont

%BeginFont
Handler:DirectoryHandler
FontType:PFM
FontName:HelveticaRounded-Bold
NumMMAxes:0
OutlineFileName:C:\Dokumente und Einstellungen\l.sierek\Desktop\urban_takeover\trunk\resources\Font\Helvetica\HELVETR1.pfm
FileLength:1374
FileModTime:1098362708
%EndFont

%BeginFont
Handler:DirectoryHandler
FontType:Invalid
OutlineFileName:C:\Dokumente und Einstellungen\l.sierek\Desktop\urban_takeover\trunk\resources\Font\Helvetica\HELVETRB.afm
FileModTime:1098362708
%EndFont

%BeginFont
Handler:DirectoryHandler
FontType:Invalid
OutlineFileName:C:\Dokumente und Einstellungen\l.sierek\Desktop\urban_takeover\trunk\resources\Font\Helvetica\HELVETRB.inf
FileModTime:1098362708
%EndFont

%BeginFont
Handler:DirectoryHandler
FontType:Type1
FontName:HelveticaRounded-Black
FamilyName:Helvetica Rounded
StyleName:Black
FullName:Helvetica Rounded Black
MenuName:Helvetica
StyleBits:2
WritingScript:Roman
OutlineFileName:C:\Dokumente und Einstellungen\l.sierek\Desktop\urban_takeover\trunk\resources\Font\Helvetica\HELVETRB.PFB
DataFormat:Plain
UsesStandardEncoding:no
isCFF:no
FileLength:36829
FileModTime:1098362708
WeightClass:900
WidthClass:5
AngleClass:0
%EndFont

%BeginFont
Handler:DirectoryHandler
FontType:PFM
FontName:HelveticaRounded-Black
NumMMAxes:0
OutlineFileName:C:\Dokumente und Einstellungen\l.sierek\Desktop\urban_takeover\trunk\resources\Font\Helvetica\HELVETRB.pfm
FileLength:1375
FileModTime:1098362708
%EndFont

%BeginFont
Handler:DirectoryHandler
FontType:Invalid
OutlineFileName:C:\Dokumente und Einstellungen\l.sierek\Desktop\urban_takeover\trunk\resources\Font\Helvetica\HELVETUC.afm
FileModTime:1098362708
%EndFont

%BeginFont
Handler:DirectoryHandler
FontType:Invalid
OutlineFileName:C:\Dokumente und Einstellungen\l.sierek\Desktop\urban_takeover\trunk\resources\Font\Helvetica\HELVETUC.inf
FileModTime:1098362708
%EndFont

%BeginFont
Handler:DirectoryHandler
FontType:Type1
FontName:Helvetica-UltraCompressed
FamilyName:Helvetica
StyleName:Ultra Compressed
FullName:Helvetica Ultra Compressed
MenuName:Helvetica
StyleBits:0
WritingScript:Roman
OutlineFileName:C:\Dokumente und Einstellungen\l.sierek\Desktop\urban_takeover\trunk\resources\Font\Helvetica\HELVETUC.PFB
DataFormat:Plain
UsesStandardEncoding:no
isCFF:no
FileLength:31167
FileModTime:1098362708
WeightClass:800
WidthClass:1
AngleClass:0
%EndFont

%BeginFont
Handler:DirectoryHandler
FontType:PFM
FontName:Helvetica-UltraCompressed
NumMMAxes:0
OutlineFileName:C:\Dokumente und Einstellungen\l.sierek\Desktop\urban_takeover\trunk\resources\Font\Helvetica\HELVETUC.pfm
FileLength:1102
FileModTime:1098362708
%EndFont

%BeginFont
Handler:DirectoryHandler
FontType:Invalid
OutlineFileName:C:\Dokumente und Einstellungen\l.sierek\Desktop\urban_takeover\trunk\resources\Font\Helvetica\HELVRBCO.afm
FileModTime:1098362710
%EndFont

%BeginFont
Handler:DirectoryHandler
FontType:Invalid
OutlineFileName:C:\Dokumente und Einstellungen\l.sierek\Desktop\urban_takeover\trunk\resources\Font\Helvetica\HELVRBCO.inf
FileModTime:1098362710
%EndFont

%BeginFont
Handler:DirectoryHandler
FontType:Type1
FontName:HelveticaRounded-BoldCond
FamilyName:Helvetica Rounded
StyleName:Bold Condensed
FullName:Helvetica Rounded Bold Condensed
MenuName:Helvetica
StyleBits:3
WritingScript:Roman
OutlineFileName:C:\Dokumente und Einstellungen\l.sierek\Desktop\urban_takeover\trunk\resources\Font\Helvetica\HELVRBCO.PFB
DataFormat:Plain
UsesStandardEncoding:no
isCFF:no
FileLength:36186
FileModTime:1098362710
WeightClass:700
WidthClass:3
AngleClass:0
%EndFont

%BeginFont
Handler:DirectoryHandler
FontType:PFM
FontName:HelveticaRounded-BoldCond
NumMMAxes:0
OutlineFileName:C:\Dokumente und Einstellungen\l.sierek\Desktop\urban_takeover\trunk\resources\Font\Helvetica\HELVRBCO.pfm
FileLength:750
FileModTime:1098362710
%EndFont

